goal: ∀ (x : Nat), ∃ y, Int.ofNat x ≤ y

query:
(define-sort Nat () Int)
(assert (not (forall ((x Nat)) (=> (>= x 0) (exists ((y Int)) (<= x y))))))
(check-sat)

result: unsat
Test/Int/ForallExists.lean:11:13: warning: unused variable `ih`
